// Jest Snapshot v1, https://goo.gl/fbAQLP

exports[`renders the component correctly 1`] = `
<DocumentFragment>
  <a
    href="/tunnellers/26"
  >
    <div
      class="tunneller"
    >
      <div>
        <p
          class="forename"
        >
          John
        </p>
        <p
          class="surname"
        >
          Doe
        </p>
        <p
          class="dates"
        >
          1886-1952
        </p>
      </div>
      <div
        class="arrow"
      >
        →
      </div>
    </div>
  </a>
  <a
    href="/tunnellers/1"
  >
    <div
      class="tunneller"
    >
      <div>
        <p
          class="forename"
        >
          Alexander
        </p>
        <p
          class="surname"
        >
          Driscott
        </p>
        <p
          class="dates"
        >
          1886-1952
        </p>
      </div>
      <div
        class="arrow"
      >
        →
      </div>
    </div>
  </a>
</DocumentFragment>
`;
