// Jest Snapshot v1, https://goo.gl/fbAQLP

exports[`Menu matches the snapshot 1`] = `
<DocumentFragment>
  <div
    class="menu"
    data-testid="menu"
  >
    <a
      aria-label="Go to the Homepage"
      class="logo"
      href="/"
    >
      <img
        alt="New Zealand Tunnellers Wesbite - Home"
        data-nimg="1"
        decoding="async"
        height="30"
        loading="lazy"
        src="/_next/image?url=%2Fnzt_logo.png&w=64&q=75"
        srcset="/_next/image?url=%2Fnzt_logo.png&w=32&q=75 1x, /_next/image?url=%2Fnzt_logo.png&w=64&q=75 2x"
        style="color: transparent;"
        width="30"
      />
    </a>
    <div
      class="search-form-container"
    >
      <div
        class="search-form"
      >
        <input
          id="search"
          placeholder="Search for a Tunneller"
          type="text"
        />
        <img
          alt="Type a name to search for a Tunneller"
          class="search-form-button"
          data-nimg="1"
          decoding="async"
          height="20"
          loading="lazy"
          src="/_next/image?url=%2Fsearch.png&w=48&q=75"
          srcset="/_next/image?url=%2Fsearch.png&w=32&q=75 1x, /_next/image?url=%2Fsearch.png&w=48&q=75 2x"
          style="color: transparent;"
          width="20"
        />
      </div>
    </div>
  </div>
</DocumentFragment>
`;
