// Jest Snapshot v1, https://goo.gl/fbAQLP

exports[`Timeline matches the snapshot 1`] = `
<DocumentFragment>
  <div
    class="timeline"
  >
    <div
      class="header"
    >
      <div
        class="link"
      >
        <a
          href="/tunnellers"
        >
          Tunnellers
        </a>
        <span>
          /
        </span>
        <a
          href="/tunnellers/1"
        >
          John Smith
        </a>
      </div>
      <div
        class="main-title"
      >
        <div
          class="main-title"
        >
          <h1>
            <span
              class="title-line-1"
            >
              World War I
            </span>
            <span
              class="title-line-2"
            >
              Timeline
            </span>
          </h1>
        </div>
      </div>
    </div>
    <div
      class="events"
    >
      <div
        class="line"
      >
        <div>
          <h2
            aria-label="Year 1915"
            class="year-title"
          >
            1915
          </h2>
          <div>
            <div
              class="date"
            >
              <div
                class="year"
              >
                1915
              </div>
              <div
                class="day-month"
              >
                26 January
              </div>
            </div>
            <div
              class="event-wrapper"
            >
              <div
                class="main-event"
              >
                <p>
                  Enlisted
                </p>
                <span>
                  Main Body
                </span>
              </div>
            </div>
          </div>
          <div>
            <div
              class="date"
            >
              <div
                class="year"
              >
                1915
              </div>
              <div
                class="day-month"
              >
                14 February
              </div>
            </div>
            <div
              class="event-wrapper"
            >
              <div
                class="tunneller-event-with-title"
              >
                <p>
                  Trained
                </p>
                <span>
                  Military Camp, Somewhere
                </span>
              </div>
            </div>
          </div>
          <div>
            <div
              class="date"
            >
              <div
                class="year"
              >
                1915
              </div>
              <div
                class="day-month"
              >
                4 May
              </div>
            </div>
            <div
              class="event-wrapper"
            >
              <div
                class="main-event"
              >
                <p>
                  Major Event
                </p>
                <span>
                  Something happened
                </span>
              </div>
            </div>
          </div>
        </div>
        <div>
          <h2
            aria-label="Year 1916"
            class="year-title"
          >
            1916
          </h2>
          <div>
            <div
              class="date"
            >
              <div
                class="year"
              >
                1916
              </div>
              <div
                class="day-month"
              >
                19 November
              </div>
            </div>
            <div
              class="event-wrapper"
            >
              <div
                class="tunneller-event"
              >
                <p>
                  Something happened that day
                </p>
              </div>
            </div>
          </div>
          <div>
            <div
              class="date"
            >
              <div
                class="year"
              >
                1916
              </div>
              <div
                class="day-month"
              >
                12 December
              </div>
            </div>
            <div
              class="event-wrapper"
            >
              <div>
                <div
                  class="company-event"
                >
                  <img
                    alt="Company event image"
                    class="event-image"
                    data-nimg="1"
                    decoding="async"
                    height="489"
                    loading="lazy"
                    src="/_next/image?url=%2Fimages%2Froll%2Fimage.jpg&w=1920&q=75"
                    srcset="/_next/image?url=%2Fimages%2Froll%2Fimage.jpg&w=750&q=75 1x, /_next/image?url=%2Fimages%2Froll%2Fimage.jpg&w=1920&q=75 2x"
                    style="color: transparent;"
                    width="670"
                  />
                  <p>
                    Something happened that day for the Company
                  </p>
                </div>
              </div>
            </div>
          </div>
        </div>
        <div>
          <h2
            aria-label="Year 1917"
            class="year-title"
          >
            1917
          </h2>
          <div>
            <div
              class="date"
            >
              <div
                class="year"
              >
                1917
              </div>
              <div
                class="day-month"
              >
                9 April
              </div>
            </div>
            <div
              class="event-wrapper"
            >
              <div
                class="main-event"
              >
                <p>
                  Major Event
                </p>
                <span>
                  Something happened
                </span>
              </div>
              <div>
                <div
                  class="company-event"
                >
                  <img
                    alt="Company event image"
                    class="event-image"
                    data-nimg="1"
                    decoding="async"
                    height="489"
                    loading="lazy"
                    src="/_next/image?url=%2Fimages%2Froll%2Fimage.jpg&w=1920&q=75"
                    srcset="/_next/image?url=%2Fimages%2Froll%2Fimage.jpg&w=750&q=75 1x, /_next/image?url=%2Fimages%2Froll%2Fimage.jpg&w=1920&q=75 2x"
                    style="color: transparent;"
                    width="670"
                  />
                  <p>
                    Something happened that day for the Company
                  </p>
                </div>
              </div>
            </div>
          </div>
          <div>
            <div
              class="date"
            >
              <div
                class="year"
              >
                1917
              </div>
              <div
                class="day-month"
              >
                8 August
              </div>
            </div>
            <div
              class="event-wrapper"
            >
              <div
                class="tunneller-event"
              >
                <p>
                  Something happened that day
                </p>
              </div>
            </div>
          </div>
        </div>
        <div>
          <h2
            aria-label="Year 1918"
            class="year-title"
          >
            1918
          </h2>
          <div>
            <div
              class="date"
            >
              <div
                class="year"
              >
                1918
              </div>
              <div
                class="day-month"
              >
                3 March
              </div>
            </div>
            <div
              class="event-wrapper"
            >
              <div
                class="main-event"
              >
                <p>
                  Major Event
                </p>
                <span>
                  Something happened
                </span>
              </div>
            </div>
          </div>
          <div>
            <div
              class="date"
            >
              <div
                class="year"
              >
                1918
              </div>
              <div
                class="day-month"
              >
                13 October
              </div>
            </div>
            <div
              class="event-wrapper"
            >
              <div
                class="tunneller-event"
              >
                <p>
                  Something happened that day
                </p>
              </div>
            </div>
          </div>
        </div>
        <div>
          <h2
            aria-label="Year 1919"
            class="year-title"
          >
            1919
          </h2>
          <div>
            <div
              class="date"
            >
              <div
                class="year"
              >
                1919
              </div>
              <div
                class="day-month"
              >
                4 April
              </div>
            </div>
            <div
              class="event-wrapper"
            >
              <div
                class="main-event"
              >
                <p>
                  Major Event
                </p>
                <span>
                  Something happened
                </span>
              </div>
            </div>
          </div>
          <div>
            <div
              class="date"
            >
              <div
                class="year"
              >
                1919
              </div>
              <div
                class="day-month"
              >
                12 July
              </div>
            </div>
            <div
              class="event-wrapper"
            >
              <div
                class="tunneller-event"
              >
                <p>
                  Something happened that day
                </p>
              </div>
            </div>
          </div>
        </div>
      </div>
    </div>
    <div
      class="howtocite"
    >
      <h3>
        How to cite this page
        <button
          class="copy-paste"
        >
          <img
            alt="Copy to clipboard"
            data-nimg="1"
            decoding="async"
            height="16"
            loading="lazy"
            src="/_next/image?url=%2Fcopy.png&w=32&q=75"
            srcset="/_next/image?url=%2Fcopy.png&w=16&q=75 1x, /_next/image?url=%2Fcopy.png&w=32&q=75 2x"
            style="color: transparent;"
            width="13"
          />
        </button>
      </h3>
      <p>
        Anthony Byledbal, “World War I Timeline of John Smith“,
        <em>
           New Zealand Tunnellers Website
        </em>
        , 2023 (2009), Accessed: 4 May 2023. 
        <span>
          URL: www.
          <wbr />
          nztunnellers
          <wbr />
          .com/
          <wbr />
          tunnellers/
          <wbr />
          1/
          <wbr />
          wwi-
          <wbr />
          timeline
        </span>
      </p>
    </div>
  </div>
</DocumentFragment>
`;
