// Jest Snapshot v1, https://goo.gl/fbAQLP

exports[`Roll matches the snapshot 1`] = `
<DocumentFragment>
  <div
    class="container"
  >
    <div
      class="header"
    >
      <div
        class="main-title"
      >
        <h1>
          <span
            class="title-line-1"
          >
            The New Zealand
          </span>
          <span
            class="title-line-2"
          >
            Tunnellers
          </span>
        </h1>
      </div>
    </div>
    <div
      class="roll-container"
    >
      <div
        class="controls"
      >
        <div
          class="results-container"
        >
          <button
            class="reset-button"
          >
            Reset filters
          </button>
          <p
            class="results"
          >
            4 results
          </p>
        </div>
        <button
          class="filter-button"
        >
          Filters
        </button>
        <div
          class="filters-container"
        >
          <div
            class="filters"
          >
            <h3>
              Detachments
            </h3>
            <div>
              <label>
                <input
                  id="Main Body"
                  name="Main Body"
                  type="checkbox"
                  value="Main Body"
                />
                Main Body
              </label>
            </div>
            <div>
              <label>
                <input
                  id="2nd Reinforcements"
                  name="2nd Reinforcements"
                  type="checkbox"
                  value="2nd Reinforcements"
                />
                2nd Reinforcements
              </label>
            </div>
            <div>
              <label>
                <input
                  id="5th Reinforcements"
                  name="5th Reinforcements"
                  type="checkbox"
                  value="5th Reinforcements"
                />
                5th Reinforcements
              </label>
            </div>
          </div>
          <div
            class="filters"
          >
            <h3>
              Corps
            </h3>
            <div>
              <label>
                <input
                  id="Tunnelling Corps"
                  name="Tunnelling Corps"
                  type="checkbox"
                  value="Tunnelling Corps"
                />
                Tunnelling Corps
              </label>
            </div>
            <div>
              <label>
                <input
                  id="Army Pay Corps"
                  name="Army Pay Corps"
                  type="checkbox"
                  value="Army Pay Corps"
                />
                Army Pay Corps
              </label>
            </div>
          </div>
          <div
            class="filters"
          >
            <h3>
              Birth Years
            </h3>
            <p>
              1886-1897
            </p>
            <div
              class="slider"
            >
              <div
                class="rc-slider rc-slider-horizontal"
              >
                <div
                  class="rc-slider-rail"
                  style="background: rgb(64, 66, 67);"
                />
                <div
                  class="rc-slider-track rc-slider-track-1"
                  style="left: 0%; width: 100%; background: rgb(153, 131, 100);"
                />
                <div
                  class="rc-slider-step"
                />
                <div
                  aria-disabled="false"
                  aria-orientation="horizontal"
                  aria-valuemax="1897"
                  aria-valuemin="1886"
                  aria-valuenow="1886"
                  class="rc-slider-handle rc-slider-handle-1"
                  role="slider"
                  style="left: 0%; transform: translateX(-50%); border: 2px solid rgb(153, 131, 100); background: rgb(29, 31, 32); outline: none; box-shadow: 0 0 5px rgba(64, 66, 67, 0.5);"
                  tabindex="0"
                />
                <div
                  aria-disabled="false"
                  aria-orientation="horizontal"
                  aria-valuemax="1897"
                  aria-valuemin="1886"
                  aria-valuenow="1897"
                  class="rc-slider-handle rc-slider-handle-2"
                  role="slider"
                  style="left: 100%; transform: translateX(-50%); border: 2px solid rgb(153, 131, 100); background: rgb(29, 31, 32); outline: none; box-shadow: 0 0 5px rgba(64, 66, 67, 0.5);"
                  tabindex="0"
                />
              </div>
            </div>
            <div
              style="margin-top: 15px;"
            >
              <label>
                <input
                  checked=""
                  id="unknownBirthYear"
                  name="unknownBirthYear"
                  type="checkbox"
                  value="unknownBirthYear"
                />
                Includes unknown birth year
              </label>
            </div>
          </div>
          <div
            class="filters"
          >
            <h3>
              Death Years
            </h3>
            <p>
              1935-1952
            </p>
            <div
              class="slider"
            >
              <div
                class="rc-slider rc-slider-horizontal"
              >
                <div
                  class="rc-slider-rail"
                  style="background: rgb(64, 66, 67);"
                />
                <div
                  class="rc-slider-track rc-slider-track-1"
                  style="left: 0%; width: 100%; background: rgb(153, 131, 100);"
                />
                <div
                  class="rc-slider-step"
                />
                <div
                  aria-disabled="false"
                  aria-orientation="horizontal"
                  aria-valuemax="1952"
                  aria-valuemin="1935"
                  aria-valuenow="1935"
                  class="rc-slider-handle rc-slider-handle-1"
                  role="slider"
                  style="left: 0%; transform: translateX(-50%); border: 2px solid rgb(153, 131, 100); background: rgb(29, 31, 32); outline: none; box-shadow: 0 0 5px rgba(64, 66, 67, 0.5);"
                  tabindex="0"
                />
                <div
                  aria-disabled="false"
                  aria-orientation="horizontal"
                  aria-valuemax="1952"
                  aria-valuemin="1935"
                  aria-valuenow="1952"
                  class="rc-slider-handle rc-slider-handle-2"
                  role="slider"
                  style="left: 100%; transform: translateX(-50%); border: 2px solid rgb(153, 131, 100); background: rgb(29, 31, 32); outline: none; box-shadow: 0 0 5px rgba(64, 66, 67, 0.5);"
                  tabindex="0"
                />
              </div>
            </div>
            <div
              style="margin-top: 15px;"
            >
              <label>
                <input
                  checked=""
                  id="unknownDeathYear"
                  name="unknownDeathYear"
                  type="checkbox"
                  value="unknownDeathYear"
                />
                Includes unknown death year
              </label>
            </div>
            <div
              class="filters"
            >
              <h3>
                Ranks
              </h3>
              <div
                style="margin-bottom: 15px;"
              >
                <label
                  class="rank-category"
                >
                  <input
                    id="Other Ranks"
                    name="Other Ranks"
                    type="checkbox"
                    value="Other Ranks"
                  />
                  Other Ranks
                </label>
                <div
                  style="margin-left: 15px;"
                >
                  <label>
                    <input
                      id="Sapper"
                      name="Sapper"
                      type="checkbox"
                      value="Sapper"
                    />
                    Sapper
                  </label>
                </div>
                <div
                  style="margin-left: 15px;"
                >
                  <label>
                    <input
                      id="Driver"
                      name="Driver"
                      type="checkbox"
                      value="Driver"
                    />
                    Driver
                  </label>
                </div>
              </div>
            </div>
          </div>
        </div>
      </div>
      <div
        class="roll"
      >
        <div
          id="letter-B"
        >
          <div
            class="letter-container"
          >
            <h2
              aria-label="Letter B"
              class="title"
            >
              B
            </h2>
          </div>
          <div
            class="tunnellers-container"
          >
            <a
              href="/tunnellers/3"
            >
              <div
                class="tunneller"
              >
                <div>
                  <p
                    class="rank"
                  >
                    Sapper
                  </p>
                  <p
                    class="forename"
                  >
                    Emmett
                  </p>
                  <p
                    class="surname"
                  >
                    Brown
                  </p>
                  <p
                    class="detachment"
                  >
                    Main Body 
                  </p>
                  <p
                    class="dates"
                  >
                    ?-1935
                  </p>
                </div>
                <div
                  class="arrow"
                >
                  →
                </div>
              </div>
            </a>
          </div>
        </div>
        <div
          id="letter-D"
        >
          <div
            class="letter-container"
          >
            <h2
              aria-label="Letter D"
              class="title"
            >
              D
            </h2>
          </div>
          <div
            class="tunnellers-container"
          >
            <a
              href="/tunnellers/1"
            >
              <div
                class="tunneller"
              >
                <div>
                  <p
                    class="rank"
                  >
                    Sapper
                  </p>
                  <p
                    class="forename"
                  >
                    John
                  </p>
                  <p
                    class="surname"
                  >
                    Doe
                  </p>
                  <p
                    class="detachment"
                  >
                    Main Body 
                  </p>
                  <p
                    class="dates"
                  >
                    1886-1952
                  </p>
                </div>
                <div
                  class="arrow"
                >
                  →
                </div>
              </div>
            </a>
          </div>
        </div>
        <div
          id="letter-M"
        >
          <div
            class="letter-container"
          >
            <h2
              aria-label="Letter M"
              class="title"
            >
              M
            </h2>
          </div>
          <div
            class="tunnellers-container"
          >
            <a
              href="/tunnellers/4"
            >
              <div
                class="tunneller"
              >
                <div>
                  <p
                    class="rank"
                  >
                    Driver
                  </p>
                  <p
                    class="forename"
                  >
                    Marty
                  </p>
                  <p
                    class="surname"
                  >
                    McFly
                  </p>
                  <p
                    class="detachment"
                  >
                    5th Reinforcements 
                    <span
                      class="badge"
                    >
                      Army Pay Corps
                    </span>
                  </p>
                  <p
                    class="dates"
                  >
                    ?-†?
                  </p>
                </div>
                <div
                  class="arrow"
                >
                  →
                </div>
              </div>
            </a>
          </div>
        </div>
        <div
          id="letter-T"
        >
          <div
            class="letter-container"
          >
            <h2
              aria-label="Letter T"
              class="title"
            >
              T
            </h2>
          </div>
          <div
            class="tunnellers-container"
          >
            <a
              href="/tunnellers/2"
            >
              <div
                class="tunneller"
              >
                <div>
                  <p
                    class="rank"
                  >
                    Sapper
                  </p>
                  <p
                    class="forename"
                  >
                    Biff
                  </p>
                  <p
                    class="surname"
                  >
                    Tanen
                  </p>
                  <p
                    class="detachment"
                  >
                    2nd Reinforcements 
                  </p>
                  <p
                    class="dates"
                  >
                    1897-†?
                  </p>
                </div>
                <div
                  class="arrow"
                >
                  →
                </div>
              </div>
            </a>
          </div>
        </div>
        <div
          class="pagination"
        >
          <button
            class="pagination-main-button"
            disabled=""
          >
            <span
              class="previous-arrow"
            >
              ‣
            </span>
          </button>
          <button
            class="active"
            disabled=""
          >
            1
          </button>
          <button
            class="pagination-main-button"
            disabled=""
          >
            ‣
          </button>
        </div>
      </div>
    </div>
  </div>
</DocumentFragment>
`;
