// Jest Snapshot v1, https://goo.gl/fbAQLP

exports[`Roll matches the snapshot 1`] = `
<DocumentFragment>
  <div
    class="container"
  >
    <div
      class="header"
    >
      <div
        class="main-title"
      >
        <h1>
          <span
            class="title-line-1 slide-top"
          >
            The New Zealand
          </span>
          <span
            class="title-line-2 slide-down"
          >
            Tunnellers
          </span>
        </h1>
      </div>
    </div>
    <div
      class="roll-container"
    >
      <div
        class="alphabet"
      >
        <button
          aria-label="Filter names by the letter B"
          class="letter"
          type="button"
        >
          B
        </button>
        <button
          aria-label="Filter names by the letter D"
          class="letter"
          type="button"
        >
          D
        </button>
        <button
          aria-label="Filter names by the letter M"
          class="letter"
          type="button"
        >
          M
        </button>
        <button
          aria-label="Filter names by the letter T"
          class="letter"
          type="button"
        >
          T
        </button>
        <button
          aria-label="Remove the filter by name"
          class="letter"
          type="button"
        >
          All
        </button>
      </div>
      <div
        class="roll"
      >
        <div
          id="letter-B"
        >
          <div
            class="letter-container"
          >
            <h2
              aria-label="Letter B"
              class="title"
            >
              B
            </h2>
          </div>
          <div
            class="tunnellers-container"
          >
            <a
              href="/tunnellers/3"
            >
              <div
                class="tunneller"
              >
                <div>
                  <p
                    class="forename"
                  >
                    Emmett
                  </p>
                  <p
                    class="surname"
                  >
                    Brown
                  </p>
                  <p
                    class="dates"
                  >
                    ?-1935
                  </p>
                </div>
                <div
                  class="arrow"
                >
                  →
                </div>
              </div>
            </a>
          </div>
        </div>
        <div
          id="letter-D"
        >
          <div
            class="letter-container"
          >
            <h2
              aria-label="Letter D"
              class="title"
            >
              D
            </h2>
          </div>
          <div
            class="tunnellers-container"
          >
            <a
              href="/tunnellers/1"
            >
              <div
                class="tunneller"
              >
                <div>
                  <p
                    class="forename"
                  >
                    John
                  </p>
                  <p
                    class="surname"
                  >
                    Doe
                  </p>
                  <p
                    class="dates"
                  >
                    1886-1952
                  </p>
                </div>
                <div
                  class="arrow"
                >
                  →
                </div>
              </div>
            </a>
          </div>
        </div>
        <div
          id="letter-M"
        >
          <div
            class="letter-container"
          >
            <h2
              aria-label="Letter M"
              class="title"
            >
              M
            </h2>
          </div>
          <div
            class="tunnellers-container"
          >
            <a
              href="/tunnellers/4"
            >
              <div
                class="tunneller"
              >
                <div>
                  <p
                    class="forename"
                  >
                    Marty
                  </p>
                  <p
                    class="surname"
                  >
                    McFly
                  </p>
                  <p
                    class="dates"
                  >
                    ?-†?
                  </p>
                </div>
                <div
                  class="arrow"
                >
                  →
                </div>
              </div>
            </a>
          </div>
        </div>
        <div
          id="letter-T"
        >
          <div
            class="letter-container"
          >
            <h2
              aria-label="Letter T"
              class="title"
            >
              T
            </h2>
          </div>
          <div
            class="tunnellers-container"
          >
            <a
              href="/tunnellers/2"
            >
              <div
                class="tunneller"
              >
                <div>
                  <p
                    class="forename"
                  >
                    Biff
                  </p>
                  <p
                    class="surname"
                  >
                    Tanen
                  </p>
                  <p
                    class="dates"
                  >
                    1897-†?
                  </p>
                </div>
                <div
                  class="arrow"
                >
                  →
                </div>
              </div>
            </a>
          </div>
        </div>
      </div>
    </div>
  </div>
</DocumentFragment>
`;
