// Jest Snapshot v1, https://goo.gl/fbAQLP

exports[`AboutUs matches the snapshot 1`] = `
<DocumentFragment>
  <div
    class="container"
  >
    <div
      class="header"
    >
      <div
        class="main-title"
      >
        <h1>
          <span
            class="title-line-1"
          >
            My Awesome
          </span>
          <span
            class="title-line-2"
          >
            Article Title
          </span>
        </h1>
      </div>
    </div>
    <div
      class="paragraph"
    >
      <h2>
        Section Title 1
      </h2>
      <p>
        <span>
          Section text one
        </span>
      </p>
    </div>
    <div
      class="image-container"
    >
      <img
        alt="Accessible alt text"
        class="image"
        data-nimg="1"
        decoding="async"
        fetchpriority="high"
        height="575"
        src="/_next/image?url=%2Fimages%2Fabout-us%2Fimg-123.png&w=1920&q=75"
        srcset="/_next/image?url=%2Fimages%2Fabout-us%2Fimg-123.png&w=828&q=75 1x, /_next/image?url=%2Fimages%2Fabout-us%2Fimg-123.png&w=1920&q=75 2x"
        style="color: transparent;"
        width="800"
      />
    </div>
    <div
      class="get-in-touch"
    >
      <div
        class="paragraph"
      >
        <h2>
          Section Title 3
        </h2>
        <p>
          <span>
            Section text three
          </span>
        </p>
      </div>
    </div>
    <div
      class="paragraph"
    >
      <h2>
        Section Title 2
      </h2>
      <p>
        <span>
          Section text two
        </span>
      </p>
    </div>
  </div>
</DocumentFragment>
`;
